// Jest Snapshot v1, https://goo.gl/fbAQLP

exports[`Test for auth page should match snapshot of auth page 1`] = `
Object {
  "asFragment": [Function],
  "baseElement": <body>
    <div>
      <div
        class="app"
      >
        <header
          class="appHeader"
        >
          <h1
            class="title"
          />
          <button
            class="button loginButton"
            type="button"
          >
            <span
              class="iconContainer"
              data-icon="true"
              style="--icon-src: url(user.svg); --icon-color: var(--white); --icon-size: 30px;"
            />
            Login
          </button>
        </header>
        <main
          class="app-main"
        >
          <div
            class="container"
          >
            <button
              class="button"
              type="button"
            >
              Login
            </button>
            <button
              class="button selectedLeft"
              type="button"
            >
              Sign Up
            </button>
            <div
              class="formContainer"
            >
              <form
                action="submit"
                class="form"
              >
                <div
                  class="inputContainer"
                >
                  <label
                    class="label"
                    for="username"
                  >
                    Username
                  </label>
                  <input
                    class="input"
                    id="username"
                    name="username"
                    placeholder="Enter Your Username"
                    type="text"
                  />
                </div>
                <div
                  class="inputContainer"
                >
                  <label
                    class="label"
                    for="password"
                  >
                    Password
                  </label>
                  <input
                    class="input"
                    id="password"
                    name="password"
                    placeholder="Enter Your Password"
                    type="password"
                  />
                </div>
                <button
                  class="button cta"
                  type="submit"
                >
                  Login
                </button>
              </form>
            </div>
          </div>
        </main>
      </div>
    </div>
    <div>
      <div
        class="app"
      >
        <header
          class="appHeader"
        >
          <h1
            class="title"
          />
          <button
            class="button loginButton"
            type="button"
          >
            <span
              class="iconContainer"
              data-icon="true"
              style="--icon-src: url(user.svg); --icon-color: var(--white); --icon-size: 30px;"
            />
            Login
          </button>
        </header>
        <main
          class="app-main"
        >
          <div
            class="container"
          >
            <button
              class="button"
              type="button"
            >
              Login
            </button>
            <button
              class="button selectedLeft"
              type="button"
            >
              Sign Up
            </button>
            <div
              class="formContainer"
            >
              <form
                action="submit"
                class="form"
              >
                <div
                  class="inputContainer"
                >
                  <label
                    class="label"
                    for="username"
                  >
                    Username
                  </label>
                  <input
                    class="input"
                    id="username"
                    name="username"
                    placeholder="Enter Your Username"
                    type="text"
                  />
                </div>
                <div
                  class="inputContainer"
                >
                  <label
                    class="label"
                    for="password"
                  >
                    Password
                  </label>
                  <input
                    class="input"
                    id="password"
                    name="password"
                    placeholder="Enter Your Password"
                    type="password"
                  />
                </div>
                <button
                  class="button cta"
                  type="submit"
                >
                  Login
                </button>
              </form>
            </div>
          </div>
        </main>
      </div>
    </div>
  </body>,
  "container": <div>
    <div
      class="app"
    >
      <header
        class="appHeader"
      >
        <h1
          class="title"
        />
        <button
          class="button loginButton"
          type="button"
        >
          <span
            class="iconContainer"
            data-icon="true"
            style="--icon-src: url(user.svg); --icon-color: var(--white); --icon-size: 30px;"
          />
          Login
        </button>
      </header>
      <main
        class="app-main"
      >
        <div
          class="container"
        >
          <button
            class="button"
            type="button"
          >
            Login
          </button>
          <button
            class="button selectedLeft"
            type="button"
          >
            Sign Up
          </button>
          <div
            class="formContainer"
          >
            <form
              action="submit"
              class="form"
            >
              <div
                class="inputContainer"
              >
                <label
                  class="label"
                  for="username"
                >
                  Username
                </label>
                <input
                  class="input"
                  id="username"
                  name="username"
                  placeholder="Enter Your Username"
                  type="text"
                />
              </div>
              <div
                class="inputContainer"
              >
                <label
                  class="label"
                  for="password"
                >
                  Password
                </label>
                <input
                  class="input"
                  id="password"
                  name="password"
                  placeholder="Enter Your Password"
                  type="password"
                />
              </div>
              <button
                class="button cta"
                type="submit"
              >
                Login
              </button>
            </form>
          </div>
        </div>
      </main>
    </div>
  </div>,
  "debug": [Function],
  "findAllByAltText": [Function],
  "findAllByDisplayValue": [Function],
  "findAllByLabelText": [Function],
  "findAllByPlaceholderText": [Function],
  "findAllByRole": [Function],
  "findAllByTestId": [Function],
  "findAllByText": [Function],
  "findAllByTitle": [Function],
  "findByAltText": [Function],
  "findByDisplayValue": [Function],
  "findByLabelText": [Function],
  "findByPlaceholderText": [Function],
  "findByRole": [Function],
  "findByTestId": [Function],
  "findByText": [Function],
  "findByTitle": [Function],
  "getAllByAltText": [Function],
  "getAllByDisplayValue": [Function],
  "getAllByLabelText": [Function],
  "getAllByPlaceholderText": [Function],
  "getAllByRole": [Function],
  "getAllByTestId": [Function],
  "getAllByText": [Function],
  "getAllByTitle": [Function],
  "getByAltText": [Function],
  "getByDisplayValue": [Function],
  "getByLabelText": [Function],
  "getByPlaceholderText": [Function],
  "getByRole": [Function],
  "getByTestId": [Function],
  "getByText": [Function],
  "getByTitle": [Function],
  "queryAllByAltText": [Function],
  "queryAllByDisplayValue": [Function],
  "queryAllByLabelText": [Function],
  "queryAllByPlaceholderText": [Function],
  "queryAllByRole": [Function],
  "queryAllByTestId": [Function],
  "queryAllByText": [Function],
  "queryAllByTitle": [Function],
  "queryByAltText": [Function],
  "queryByDisplayValue": [Function],
  "queryByLabelText": [Function],
  "queryByPlaceholderText": [Function],
  "queryByRole": [Function],
  "queryByTestId": [Function],
  "queryByText": [Function],
  "queryByTitle": [Function],
  "rerender": [Function],
  "unmount": [Function],
}
`;
