// Jest Snapshot v1, https://goo.gl/fbAQLP

exports[`Test for profile page should match snapshot of profile page 1`] = `
Object {
  "asFragment": [Function],
  "baseElement": <body>
    <div>
      <div
        class="app"
      >
        <header
          class="appHeader"
        >
          <h1
            class="title"
          >
            Profile
          </h1>
          <button
            class="button loginButton"
            type="button"
          >
            <span
              class="iconContainer"
              data-icon="true"
              style="--icon-src: url(user.svg); --icon-color: var(--white); --icon-size: 30px;"
            />
            Login
          </button>
        </header>
        <div
          class="app-main"
        >
          <p
            class="secondText"
          >
            Username
          </p>
          <p
            class="mainText"
          >
            test
          </p>
          <p
            class="secondText"
          >
            Country of Origin
          </p>
          <p
            class="mainText"
          >
            malaysia
          </p>
          <button
            class="button cta logout"
            type="button"
          >
            Logout
          </button>
        </div>
      </div>
    </div>
  </body>,
  "container": <div>
    <div
      class="app"
    >
      <header
        class="appHeader"
      >
        <h1
          class="title"
        >
          Profile
        </h1>
        <button
          class="button loginButton"
          type="button"
        >
          <span
            class="iconContainer"
            data-icon="true"
            style="--icon-src: url(user.svg); --icon-color: var(--white); --icon-size: 30px;"
          />
          Login
        </button>
      </header>
      <div
        class="app-main"
      >
        <p
          class="secondText"
        >
          Username
        </p>
        <p
          class="mainText"
        >
          test
        </p>
        <p
          class="secondText"
        >
          Country of Origin
        </p>
        <p
          class="mainText"
        >
          malaysia
        </p>
        <button
          class="button cta logout"
          type="button"
        >
          Logout
        </button>
      </div>
    </div>
  </div>,
  "debug": [Function],
  "findAllByAltText": [Function],
  "findAllByDisplayValue": [Function],
  "findAllByLabelText": [Function],
  "findAllByPlaceholderText": [Function],
  "findAllByRole": [Function],
  "findAllByTestId": [Function],
  "findAllByText": [Function],
  "findAllByTitle": [Function],
  "findByAltText": [Function],
  "findByDisplayValue": [Function],
  "findByLabelText": [Function],
  "findByPlaceholderText": [Function],
  "findByRole": [Function],
  "findByTestId": [Function],
  "findByText": [Function],
  "findByTitle": [Function],
  "getAllByAltText": [Function],
  "getAllByDisplayValue": [Function],
  "getAllByLabelText": [Function],
  "getAllByPlaceholderText": [Function],
  "getAllByRole": [Function],
  "getAllByTestId": [Function],
  "getAllByText": [Function],
  "getAllByTitle": [Function],
  "getByAltText": [Function],
  "getByDisplayValue": [Function],
  "getByLabelText": [Function],
  "getByPlaceholderText": [Function],
  "getByRole": [Function],
  "getByTestId": [Function],
  "getByText": [Function],
  "getByTitle": [Function],
  "queryAllByAltText": [Function],
  "queryAllByDisplayValue": [Function],
  "queryAllByLabelText": [Function],
  "queryAllByPlaceholderText": [Function],
  "queryAllByRole": [Function],
  "queryAllByTestId": [Function],
  "queryAllByText": [Function],
  "queryAllByTitle": [Function],
  "queryByAltText": [Function],
  "queryByDisplayValue": [Function],
  "queryByLabelText": [Function],
  "queryByPlaceholderText": [Function],
  "queryByRole": [Function],
  "queryByTestId": [Function],
  "queryByText": [Function],
  "queryByTitle": [Function],
  "rerender": [Function],
  "unmount": [Function],
}
`;
